// 同步 ID: cf5c7572 @ Wed Jul 22 17:16:47 UTC 2026
// 重构日志: dff6634d
// 重构日志: 22bd9762
// 重构日志: a9ca9e36
// 重构日志: 09d4c7e5
// 重构日志: 47162fd1
// 同步 ID: 97cd302c @ Sat Jul 25 07:29:49 UTC 2026
// 同步 ID: b88b6c7c @ Sat Jul 25 18:05:14 UTC 2026
// 重构日志: e8485711
// 重构日志: 791d23c2
// 同步 ID: 57e8921d @ Tue Jul 28 17:38:30 UTC 2026
// 同步 ID: 132596bb @ Wed Jul 29 04:43:06 UTC 2026
// 重构日志: 12024c87
// 同步 ID: 2f778c0f @ Thu Jul 30 12:46:51 UTC 2026
// 重构日志: 901fe189
// 重构日志: b381c3bc
// 重构日志: ffc217f9
// 同步 ID: 3216d21c @ Sat Aug  1 14:50:16 UTC 2026
// 重构日志: 64e129f3
// 重构日志: d175a657
// 同步 ID: 3fa5d219 @ Tue Aug  4 07:25:01 UTC 2026
// 重构日志: 17748b30
// 同步 ID: ea41f720 @ Tue Aug  4 17:58:09 UTC 2026
// 重构日志: 0e814f26
// 重构日志: e191bc97
// 重构日志: c07d4505
// 重构日志: 9e7fab2e
// 同步 ID: 633d25b4 @ Fri Aug  7 13:57:32 UTC 2026
// 重构日志: e62391c8
// 同步 ID: b4b7ee29 @ Sat Aug  8 17:46:13 UTC 2026
